[register.fca.org.uk/s/firm73f9.html]
[backblue.gif]
[fade.gif]
[index.html]
[www.google.com/recaptcha/apib091.js]
[register.fca.org.uk/_slds/images/profile_avatar_20019fb.png]
[register.fca.org.uk/_slds/images/group_avatar_200ae51.png]
[register.fca.org.uk/_slds/images/welcome-mat/bg-info@2x5a6a.png]
[register.fca.org.uk/_slds/images/profile_avatar_963c56.png]
[register.fca.org.uk/_slds/images/group_avatar_160c6c2.png]
[register.fca.org.uk/_slds/images/group_avatar_96404f.png]
[register.fca.org.uk/_slds/images/profile_avatar_160cdcb.png]
[register.fca.org.uk/s/sfsites/runtimedownload/fontsc168.css]
[register.fca.org.uk/s/firmd41d.html]
[register.fca.org.uk/s/sfsites/l/{_mode___PROD_,_dfs___8_,_app___siteforce_commu/siteforce_communityApp___1180_5uipvNSFkxlY1lsD8/inline3f26.js]
[register.fca.org.uk/s/sfsites/l/{_mode___PROD_,_dfs___8_,_app___siteforce_commu/siteforce_communityApp___1180_5uipvNSFkxlY1lsD8/resourcesb159.js]
[register.fca.org.uk/s/sfsites/auraFW/javascript/dzlEdDRVZ1RsVXFtVkduczVYNVVfZ1ZuNVJhc1EyaHA2ZTdMUkxCNEw5Y1E5LjMyMC4y/aura_prod.js]
[register.fca.org.uk/s/firm73f9.html]
[register.fca.org.uk/s/sfsites/runtimedownload/fontsc168.css]
[register.fca.org.uk/s/firmd41d.html]
[register.fca.org.uk/s/sfsites/l/{_mode___PROD_,_dfs___8_,_app___siteforce_commu/siteforce_communityApp___1180_5uipvNSFkxlY1lsD8/bootstrap3f26.js]
[register.fca.org.uk/s/sfsites/l/{_mode___PROD_,_dfs___8_,_app___siteforce_commu/siteforce_communityApp___1180_5uipvNSFkxlY1lsD8/app3ebd.js]
